// Jest Snapshot v1, https://goo.gl/fbAQLP

exports[`Test render SnapShot 1`] = `
<View
  accessibilityState={
    {
      "busy": undefined,
      "checked": undefined,
      "disabled": undefined,
      "expanded": undefined,
      "selected": undefined,
    }
  }
  accessibilityValue={
    {
      "max": undefined,
      "min": undefined,
      "now": undefined,
      "text": undefined,
    }
  }
  accessible={true}
  collapsable={false}
  focusable={false}
  onClick={[Function]}
  onResponderGrant={[Function]}
  onResponderMove={[Function]}
  onResponderRelease={[Function]}
  onResponderTerminate={[Function]}
  onResponderTerminationRequest={[Function]}
  onStartShouldSetResponder={[Function]}
  style={
    {
      "opacity": 1,
    }
  }
>
  <View
    style={
      {
        "alignItems": "center",
        "alignSelf": "center",
        "backgroundColor": "orange",
        "borderRadius": 10,
        "height": 50,
        "justifyContent": "center",
        "width": 200,
      }
    }
  >
    <Text
      style={
        {
          "color": "black",
          "fontSize": 20,
        }
      }
    >
      my button
    </Text>
  </View>
</View>
`;
